##################################################################################################################################################
##################################################################################################################################################
##################################################################################################################################################
###############################################################################              #####################################################
##############################################################################     E                          ####################################
##########                         ######                                    #         C   E                           #################         #
#                                                                                                                                                #
#              C                       E                                     C   A##         A B    ######   E         C                  C      #
#                   C                                                           #################################  E                 A     B    1#
#                 B                 E                B                 E A B  ########################################   B  A   ##################
#P       A   #######           A         A #    A    #        A   A###############################################################################
##################################################################################################################################################