#################################################################################################################################################################
#################################################################################################################################################################
#########################################################################         #####################     00  #########################################     ###
##################################################################            000   #      #      ###      0  00 ################################   C          ##
##############################################################               0   0   00      0000     0          ######################          E            1##
##############       ########################################                       0  0    0    0   0  ###      ##    ##   ########   C                  A EB###
#######       00        ###    00    00   #####   C    ##   C            ####*****#     #                                  E  #                ###  A   #########
###   00     0  0       00    0  0  0  0     #       C         A    A D#############****####******###***********#        A        E        A  D##################
#    0  0              0                              B      B##############################################################B        B###########################
#P         ##****##        ###    ##****#     D   A  A# E  A #################################################################    C  ############################
#####****##############***********##############################################################################################A   A############################
#################################################################################################################################################################