#################################################################################################################################################################
###########################################################################     #################################################################################
#########################################################################         ################################################################ 0 0 ##  0  ###
##################################################################          000            ###################################################### 0   0   0 0  ##
##############################################################             0   0                #         C   #####    ################                  0   01##
##########                ###############################          00                                         #####    ##   ########      00                  ###
#######         C                         #####                  0   ######*****##       C  A       E   BA          00        #          0  0  ###     ##*****###
###                      C                   #  0    00    00        ###############    D   #    B A######         0  0          000           ###*****##########
#              A BA               E A          0 0  0  0  0   ###****##############################################****#####   0      ###****####################
#              ####            B#########                     ################################################################       ############################
#P         B #######    D   A##################***##****###***##################################################################*****############################
#################################################################################################################################################################